// Jest Snapshot v1, https://goo.gl/fbAQLP

exports[`RPC definition includes all methods (snapshot) 1`] = `
{
  "fullName": "rpcpb.SliverRPC",
  "methods": [
    {
      "key": "backdoor",
      "name": "Backdoor",
      "requestStream": false,
      "responseStream": false,
    },
    {
      "key": "builderRegister",
      "name": "BuilderRegister",
      "requestStream": false,
      "responseStream": true,
    },
    {
      "key": "builders",
      "name": "Builders",
      "requestStream": false,
      "responseStream": false,
    },
    {
      "key": "builderTrigger",
      "name": "BuilderTrigger",
      "requestStream": false,
      "responseStream": false,
    },
    {
      "key": "callExtension",
      "name": "CallExtension",
      "requestStream": false,
      "responseStream": false,
    },
    {
      "key": "canaries",
      "name": "Canaries",
      "requestStream": false,
      "responseStream": false,
    },
    {
      "key": "cancelBeaconTask",
      "name": "CancelBeaconTask",
      "requestStream": false,
      "responseStream": false,
    },
    {
      "key": "cd",
      "name": "Cd",
      "requestStream": false,
      "responseStream": false,
    },
    {
      "key": "chmod",
      "name": "Chmod",
      "requestStream": false,
      "responseStream": false,
    },
    {
      "key": "chown",
      "name": "Chown",
      "requestStream": false,
      "responseStream": false,
    },
    {
      "key": "chtimes",
      "name": "Chtimes",
      "requestStream": false,
      "responseStream": false,
    },
    {
      "key": "clientLog",
      "name": "ClientLog",
      "requestStream": true,
      "responseStream": false,
    },
    {
      "key": "closeSession",
      "name": "CloseSession",
      "requestStream": false,
      "responseStream": false,
    },
    {
      "key": "closeSocks",
      "name": "CloseSocks",
      "requestStream": false,
      "responseStream": false,
    },
    {
      "key": "closeTunnel",
      "name": "CloseTunnel",
      "requestStream": false,
      "responseStream": false,
    },
    {
      "key": "cp",
      "name": "Cp",
      "requestStream": false,
      "responseStream": false,
    },
    {
      "key": "crack",
      "name": "Crack",
      "requestStream": false,
      "responseStream": false,
    },
    {
      "key": "crackFileChunkDownload",
      "name": "CrackFileChunkDownload",
      "requestStream": false,
      "responseStream": false,
    },
    {
      "key": "crackFileChunkUpload",
      "name": "CrackFileChunkUpload",
      "requestStream": false,
      "responseStream": false,
    },
    {
      "key": "crackFileComplete",
      "name": "CrackFileComplete",
      "requestStream": false,
      "responseStream": false,
    },
    {
      "key": "crackFileCreate",
      "name": "CrackFileCreate",
      "requestStream": false,
      "responseStream": false,
    },
    {
      "key": "crackFileDelete",
      "name": "CrackFileDelete",
      "requestStream": false,
      "responseStream": false,
    },
    {
      "key": "crackFilesList",
      "name": "CrackFilesList",
      "requestStream": false,
      "responseStream": false,
    },
    {
      "key": "crackstationBenchmark",
      "name": "CrackstationBenchmark",
      "requestStream": false,
      "responseStream": false,
    },
    {
      "key": "crackstationRegister",
      "name": "CrackstationRegister",
      "requestStream": false,
      "responseStream": true,
    },
    {
      "key": "crackstations",
      "name": "Crackstations",
      "requestStream": false,
      "responseStream": false,
    },
    {
      "key": "crackstationTrigger",
      "name": "CrackstationTrigger",
      "requestStream": false,
      "responseStream": false,
    },
    {
      "key": "crackTaskByID",
      "name": "CrackTaskByID",
      "requestStream": false,
      "responseStream": false,
    },
    {
      "key": "crackTaskUpdate",
      "name": "CrackTaskUpdate",
      "requestStream": false,
      "responseStream": false,
    },
    {
      "key": "createSocks",
      "name": "CreateSocks",
      "requestStream": false,
      "responseStream": false,
    },
    {
      "key": "createTunnel",
      "name": "CreateTunnel",
      "requestStream": false,
      "responseStream": false,
    },
    {
      "key": "creds",
      "name": "Creds",
      "requestStream": false,
      "responseStream": false,
    },
    {
      "key": "credsAdd",
      "name": "CredsAdd",
      "requestStream": false,
      "responseStream": false,
    },
    {
      "key": "credsRm",
      "name": "CredsRm",
      "requestStream": false,
      "responseStream": false,
    },
    {
      "key": "credsSniffHashType",
      "name": "CredsSniffHashType",
      "requestStream": false,
      "responseStream": false,
    },
    {
      "key": "credsUpdate",
      "name": "CredsUpdate",
      "requestStream": false,
      "responseStream": false,
    },
    {
      "key": "currentTokenOwner",
      "name": "CurrentTokenOwner",
      "requestStream": false,
      "responseStream": false,
    },
    {
      "key": "deleteImplantBuild",
      "name": "DeleteImplantBuild",
      "requestStream": false,
      "responseStream": false,
    },
    {
      "key": "deleteImplantProfile",
      "name": "DeleteImplantProfile",
      "requestStream": false,
      "responseStream": false,
    },
    {
      "key": "download",
      "name": "Download",
      "requestStream": false,
      "responseStream": false,
    },
    {
      "key": "events",
      "name": "Events",
      "requestStream": false,
      "responseStream": true,
    },
    {
      "key": "execute",
      "name": "Execute",
      "requestStream": false,
      "responseStream": false,
    },
    {
      "key": "executeAssembly",
      "name": "ExecuteAssembly",
      "requestStream": false,
      "responseStream": false,
    },
    {
      "key": "executeChildren",
      "name": "ExecuteChildren",
      "requestStream": false,
      "responseStream": false,
    },
    {
      "key": "executeWindows",
      "name": "ExecuteWindows",
      "requestStream": false,
      "responseStream": false,
    },
    {
      "key": "execWasmExtension",
      "name": "ExecWasmExtension",
      "requestStream": false,
      "responseStream": false,
    },
    {
      "key": "generate",
      "name": "Generate",
      "requestStream": false,
      "responseStream": false,
    },
    {
      "key": "generateExternal",
      "name": "GenerateExternal",
      "requestStream": false,
      "responseStream": false,
    },
    {
      "key": "generateExternalGetBuildConfig",
      "name": "GenerateExternalGetBuildConfig",
      "requestStream": false,
      "responseStream": false,
    },
    {
      "key": "generateExternalSaveBuild",
      "name": "GenerateExternalSaveBuild",
      "requestStream": false,
      "responseStream": false,
    },
    {
      "key": "generateSpoofMetadata",
      "name": "GenerateSpoofMetadata",
      "requestStream": false,
      "responseStream": false,
    },
    {
      "key": "generateStage",
      "name": "GenerateStage",
      "requestStream": false,
      "responseStream": false,
    },
    {
      "key": "generateUniqueIP",
      "name": "GenerateUniqueIP",
      "requestStream": false,
      "responseStream": false,
    },
    {
      "key": "generateWGClientConfig",
      "name": "GenerateWGClientConfig",
      "requestStream": false,
      "responseStream": false,
    },
    {
      "key": "getBeacon",
      "name": "GetBeacon",
      "requestStream": false,
      "responseStream": false,
    },
    {
      "key": "getBeacons",
      "name": "GetBeacons",
      "requestStream": false,
      "responseStream": false,
    },
    {
      "key": "getBeaconTaskContent",
      "name": "GetBeaconTaskContent",
      "requestStream": false,
      "responseStream": false,
    },
    {
      "key": "getBeaconTasks",
      "name": "GetBeaconTasks",
      "requestStream": false,
      "responseStream": false,
    },
    {
      "key": "getCertificateAuthorityInfo",
      "name": "GetCertificateAuthorityInfo",
      "requestStream": false,
      "responseStream": false,
    },
    {
      "key": "getCertificateInfo",
      "name": "GetCertificateInfo",
      "requestStream": false,
      "responseStream": false,
    },
    {
      "key": "getCompiler",
      "name": "GetCompiler",
      "requestStream": false,
      "responseStream": false,
    },
    {
      "key": "getCredByID",
      "name": "GetCredByID",
      "requestStream": false,
      "responseStream": false,
    },
    {
      "key": "getCredsByHashType",
      "name": "GetCredsByHashType",
      "requestStream": false,
      "responseStream": false,
    },
    {
      "key": "getEnv",
      "name": "GetEnv",
      "requestStream": false,
      "responseStream": false,
    },
    {
      "key": "getHTTPC2ProfileByName",
      "name": "GetHTTPC2ProfileByName",
      "requestStream": false,
      "responseStream": false,
    },
    {
      "key": "getHTTPC2Profiles",
      "name": "GetHTTPC2Profiles",
      "requestStream": false,
      "responseStream": false,
    },
    {
      "key": "getJobs",
      "name": "GetJobs",
      "requestStream": false,
      "responseStream": false,
    },
    {
      "key": "getOperators",
      "name": "GetOperators",
      "requestStream": false,
      "responseStream": false,
    },
    {
      "key": "getPlaintextCredsByHashType",
      "name": "GetPlaintextCredsByHashType",
      "requestStream": false,
      "responseStream": false,
    },
    {
      "key": "getPrivs",
      "name": "GetPrivs",
      "requestStream": false,
      "responseStream": false,
    },
    {
      "key": "getRportFwdListeners",
      "name": "GetRportFwdListeners",
      "requestStream": false,
      "responseStream": false,
    },
    {
      "key": "getSessions",
      "name": "GetSessions",
      "requestStream": false,
      "responseStream": false,
    },
    {
      "key": "getSystem",
      "name": "GetSystem",
      "requestStream": false,
      "responseStream": false,
    },
    {
      "key": "getVersion",
      "name": "GetVersion",
      "requestStream": false,
      "responseStream": false,
    },
    {
      "key": "grep",
      "name": "Grep",
      "requestStream": false,
      "responseStream": false,
    },
    {
      "key": "hijackDLL",
      "name": "HijackDLL",
      "requestStream": false,
      "responseStream": false,
    },
    {
      "key": "host",
      "name": "Host",
      "requestStream": false,
      "responseStream": false,
    },
    {
      "key": "hostIOCRm",
      "name": "HostIOCRm",
      "requestStream": false,
      "responseStream": false,
    },
    {
      "key": "hostRm",
      "name": "HostRm",
      "requestStream": false,
      "responseStream": false,
    },
    {
      "key": "hosts",
      "name": "Hosts",
      "requestStream": false,
      "responseStream": false,
    },
    {
      "key": "ifconfig",
      "name": "Ifconfig",
      "requestStream": false,
      "responseStream": false,
    },
    {
      "key": "impersonate",
      "name": "Impersonate",
      "requestStream": false,
      "responseStream": false,
    },
    {
      "key": "implantBuilds",
      "name": "ImplantBuilds",
      "requestStream": false,
      "responseStream": false,
    },
    {
      "key": "implantProfiles",
      "name": "ImplantProfiles",
      "requestStream": false,
      "responseStream": false,
    },
    {
      "key": "kill",
      "name": "Kill",
      "requestStream": false,
      "responseStream": false,
    },
    {
      "key": "killJob",
      "name": "KillJob",
      "requestStream": false,
      "responseStream": false,
    },
    {
      "key": "listExtensions",
      "name": "ListExtensions",
      "requestStream": false,
      "responseStream": false,
    },
    {
      "key": "listWasmExtensions",
      "name": "ListWasmExtensions",
      "requestStream": false,
      "responseStream": false,
    },
    {
      "key": "lootAdd",
      "name": "LootAdd",
      "requestStream": false,
      "responseStream": false,
    },
    {
      "key": "lootAll",
      "name": "LootAll",
      "requestStream": false,
      "responseStream": false,
    },
    {
      "key": "lootContent",
      "name": "LootContent",
      "requestStream": false,
      "responseStream": false,
    },
    {
      "key": "lootRm",
      "name": "LootRm",
      "requestStream": false,
      "responseStream": false,
    },
    {
      "key": "lootUpdate",
      "name": "LootUpdate",
      "requestStream": false,
      "responseStream": false,
    },
    {
      "key": "ls",
      "name": "Ls",
      "requestStream": false,
      "responseStream": false,
    },
    {
      "key": "makeToken",
      "name": "MakeToken",
      "requestStream": false,
      "responseStream": false,
    },
    {
      "key": "memfilesAdd",
      "name": "MemfilesAdd",
      "requestStream": false,
      "responseStream": false,
    },
    {
      "key": "memfilesList",
      "name": "MemfilesList",
      "requestStream": false,
      "responseStream": false,
    },
    {
      "key": "memfilesRm",
      "name": "MemfilesRm",
      "requestStream": false,
      "responseStream": false,
    },
    {
      "key": "migrate",
      "name": "Migrate",
      "requestStream": false,
      "responseStream": false,
    },
    {
      "key": "mkdir",
      "name": "Mkdir",
      "requestStream": false,
      "responseStream": false,
    },
    {
      "key": "monitorAddConfig",
      "name": "MonitorAddConfig",
      "requestStream": false,
      "responseStream": false,
    },
    {
      "key": "monitorDelConfig",
      "name": "MonitorDelConfig",
      "requestStream": false,
      "responseStream": false,
    },
    {
      "key": "monitorListConfig",
      "name": "MonitorListConfig",
      "requestStream": false,
      "responseStream": false,
    },
    {
      "key": "monitorStart",
      "name": "MonitorStart",
      "requestStream": false,
      "responseStream": false,
    },
    {
      "key": "monitorStop",
      "name": "MonitorStop",
      "requestStream": false,
      "responseStream": false,
    },
    {
      "key": "mount",
      "name": "Mount",
      "requestStream": false,
      "responseStream": false,
    },
    {
      "key": "msf",
      "name": "Msf",
      "requestStream": false,
      "responseStream": false,
    },
    {
      "key": "msfRemote",
      "name": "MsfRemote",
      "requestStream": false,
      "responseStream": false,
    },
    {
      "key": "mv",
      "name": "Mv",
      "requestStream": false,
      "responseStream": false,
    },
    {
      "key": "netstat",
      "name": "Netstat",
      "requestStream": false,
      "responseStream": false,
    },
    {
      "key": "openSession",
      "name": "OpenSession",
      "requestStream": false,
      "responseStream": false,
    },
    {
      "key": "ping",
      "name": "Ping",
      "requestStream": false,
      "responseStream": false,
    },
    {
      "key": "pivotGraph",
      "name": "PivotGraph",
      "requestStream": false,
      "responseStream": false,
    },
    {
      "key": "pivotSessionListeners",
      "name": "PivotSessionListeners",
      "requestStream": false,
      "responseStream": false,
    },
    {
      "key": "pivotStartListener",
      "name": "PivotStartListener",
      "requestStream": false,
      "responseStream": false,
    },
    {
      "key": "pivotStopListener",
      "name": "PivotStopListener",
      "requestStream": false,
      "responseStream": false,
    },
    {
      "key": "portfwd",
      "name": "Portfwd",
      "requestStream": false,
      "responseStream": false,
    },
    {
      "key": "processDump",
      "name": "ProcessDump",
      "requestStream": false,
      "responseStream": false,
    },
    {
      "key": "ps",
      "name": "Ps",
      "requestStream": false,
      "responseStream": false,
    },
    {
      "key": "pwd",
      "name": "Pwd",
      "requestStream": false,
      "responseStream": false,
    },
    {
      "key": "reconfigure",
      "name": "Reconfigure",
      "requestStream": false,
      "responseStream": false,
    },
    {
      "key": "regenerate",
      "name": "Regenerate",
      "requestStream": false,
      "responseStream": false,
    },
    {
      "key": "registerExtension",
      "name": "RegisterExtension",
      "requestStream": false,
      "responseStream": false,
    },
    {
      "key": "registerWasmExtension",
      "name": "RegisterWasmExtension",
      "requestStream": false,
      "responseStream": false,
    },
    {
      "key": "registryCreateKey",
      "name": "RegistryCreateKey",
      "requestStream": false,
      "responseStream": false,
    },
    {
      "key": "registryDeleteKey",
      "name": "RegistryDeleteKey",
      "requestStream": false,
      "responseStream": false,
    },
    {
      "key": "registryListSubKeys",
      "name": "RegistryListSubKeys",
      "requestStream": false,
      "responseStream": false,
    },
    {
      "key": "registryListValues",
      "name": "RegistryListValues",
      "requestStream": false,
      "responseStream": false,
    },
    {
      "key": "registryRead",
      "name": "RegistryRead",
      "requestStream": false,
      "responseStream": false,
    },
    {
      "key": "registryReadHive",
      "name": "RegistryReadHive",
      "requestStream": false,
      "responseStream": false,
    },
    {
      "key": "registryWrite",
      "name": "RegistryWrite",
      "requestStream": false,
      "responseStream": false,
    },
    {
      "key": "removeService",
      "name": "RemoveService",
      "requestStream": false,
      "responseStream": false,
    },
    {
      "key": "rename",
      "name": "Rename",
      "requestStream": false,
      "responseStream": false,
    },
    {
      "key": "restartJobs",
      "name": "RestartJobs",
      "requestStream": false,
      "responseStream": false,
    },
    {
      "key": "revToSelf",
      "name": "RevToSelf",
      "requestStream": false,
      "responseStream": false,
    },
    {
      "key": "rm",
      "name": "Rm",
      "requestStream": false,
      "responseStream": false,
    },
    {
      "key": "rmBeacon",
      "name": "RmBeacon",
      "requestStream": false,
      "responseStream": false,
    },
    {
      "key": "runAs",
      "name": "RunAs",
      "requestStream": false,
      "responseStream": false,
    },
    {
      "key": "runSSHCommand",
      "name": "RunSSHCommand",
      "requestStream": false,
      "responseStream": false,
    },
    {
      "key": "saveHTTPC2Profile",
      "name": "SaveHTTPC2Profile",
      "requestStream": false,
      "responseStream": false,
    },
    {
      "key": "saveImplantProfile",
      "name": "SaveImplantProfile",
      "requestStream": false,
      "responseStream": false,
    },
    {
      "key": "screenshot",
      "name": "Screenshot",
      "requestStream": false,
      "responseStream": false,
    },
    {
      "key": "serviceDetail",
      "name": "ServiceDetail",
      "requestStream": false,
      "responseStream": false,
    },
    {
      "key": "services",
      "name": "Services",
      "requestStream": false,
      "responseStream": false,
    },
    {
      "key": "setEnv",
      "name": "SetEnv",
      "requestStream": false,
      "responseStream": false,
    },
    {
      "key": "shell",
      "name": "Shell",
      "requestStream": false,
      "responseStream": false,
    },
    {
      "key": "shellcodeEncoder",
      "name": "ShellcodeEncoder",
      "requestStream": false,
      "responseStream": false,
    },
    {
      "key": "shellcodeEncoderMap",
      "name": "ShellcodeEncoderMap",
      "requestStream": false,
      "responseStream": false,
    },
    {
      "key": "shellcodeRDI",
      "name": "ShellcodeRDI",
      "requestStream": false,
      "responseStream": false,
    },
    {
      "key": "shellResize",
      "name": "ShellResize",
      "requestStream": false,
      "responseStream": false,
    },
    {
      "key": "sideload",
      "name": "Sideload",
      "requestStream": false,
      "responseStream": false,
    },
    {
      "key": "socksProxy",
      "name": "SocksProxy",
      "requestStream": true,
      "responseStream": true,
    },
    {
      "key": "spawnDll",
      "name": "SpawnDll",
      "requestStream": false,
      "responseStream": false,
    },
    {
      "key": "stageImplantBuild",
      "name": "StageImplantBuild",
      "requestStream": false,
      "responseStream": false,
    },
    {
      "key": "startDNSListener",
      "name": "StartDNSListener",
      "requestStream": false,
      "responseStream": false,
    },
    {
      "key": "startHTTPListener",
      "name": "StartHTTPListener",
      "requestStream": false,
      "responseStream": false,
    },
    {
      "key": "startHTTPSListener",
      "name": "StartHTTPSListener",
      "requestStream": false,
      "responseStream": false,
    },
    {
      "key": "startMTLSListener",
      "name": "StartMTLSListener",
      "requestStream": false,
      "responseStream": false,
    },
    {
      "key": "startRportFwdListener",
      "name": "StartRportFwdListener",
      "requestStream": false,
      "responseStream": false,
    },
    {
      "key": "startService",
      "name": "StartService",
      "requestStream": false,
      "responseStream": false,
    },
    {
      "key": "startServiceByName",
      "name": "StartServiceByName",
      "requestStream": false,
      "responseStream": false,
    },
    {
      "key": "startTCPStagerListener",
      "name": "StartTCPStagerListener",
      "requestStream": false,
      "responseStream": false,
    },
    {
      "key": "startWGListener",
      "name": "StartWGListener",
      "requestStream": false,
      "responseStream": false,
    },
    {
      "key": "stopRportFwdListener",
      "name": "StopRportFwdListener",
      "requestStream": false,
      "responseStream": false,
    },
    {
      "key": "stopService",
      "name": "StopService",
      "requestStream": false,
      "responseStream": false,
    },
    {
      "key": "task",
      "name": "Task",
      "requestStream": false,
      "responseStream": false,
    },
    {
      "key": "terminate",
      "name": "Terminate",
      "requestStream": false,
      "responseStream": false,
    },
    {
      "key": "trafficEncoderAdd",
      "name": "TrafficEncoderAdd",
      "requestStream": false,
      "responseStream": false,
    },
    {
      "key": "trafficEncoderMap",
      "name": "TrafficEncoderMap",
      "requestStream": false,
      "responseStream": false,
    },
    {
      "key": "trafficEncoderRm",
      "name": "TrafficEncoderRm",
      "requestStream": false,
      "responseStream": false,
    },
    {
      "key": "tunnelData",
      "name": "TunnelData",
      "requestStream": true,
      "responseStream": true,
    },
    {
      "key": "unsetEnv",
      "name": "UnsetEnv",
      "requestStream": false,
      "responseStream": false,
    },
    {
      "key": "updateBeaconIntegrityInformation",
      "name": "UpdateBeaconIntegrityInformation",
      "requestStream": false,
      "responseStream": false,
    },
    {
      "key": "upload",
      "name": "Upload",
      "requestStream": false,
      "responseStream": false,
    },
    {
      "key": "website",
      "name": "Website",
      "requestStream": false,
      "responseStream": false,
    },
    {
      "key": "websiteAddContent",
      "name": "WebsiteAddContent",
      "requestStream": false,
      "responseStream": false,
    },
    {
      "key": "websiteRemove",
      "name": "WebsiteRemove",
      "requestStream": false,
      "responseStream": false,
    },
    {
      "key": "websiteRemoveContent",
      "name": "WebsiteRemoveContent",
      "requestStream": false,
      "responseStream": false,
    },
    {
      "key": "websites",
      "name": "Websites",
      "requestStream": false,
      "responseStream": false,
    },
    {
      "key": "websiteUpdateContent",
      "name": "WebsiteUpdateContent",
      "requestStream": false,
      "responseStream": false,
    },
    {
      "key": "wGListForwarders",
      "name": "WGListForwarders",
      "requestStream": false,
      "responseStream": false,
    },
    {
      "key": "wGListSocksServers",
      "name": "WGListSocksServers",
      "requestStream": false,
      "responseStream": false,
    },
    {
      "key": "wGStartPortForward",
      "name": "WGStartPortForward",
      "requestStream": false,
      "responseStream": false,
    },
    {
      "key": "wGStartSocks",
      "name": "WGStartSocks",
      "requestStream": false,
      "responseStream": false,
    },
    {
      "key": "wGStopPortForward",
      "name": "WGStopPortForward",
      "requestStream": false,
      "responseStream": false,
    },
    {
      "key": "wGStopSocks",
      "name": "WGStopSocks",
      "requestStream": false,
      "responseStream": false,
    },
  ],
  "name": "SliverRPC",
}
`;
